Collecting torch
  Downloading torch-2.12.0-cp314-cp314-win_amd64.whl.metadata (31 kB)
Collecting filelock (from torch)
  Downloading filelock-3.29.0-py3-none-any.whl.metadata (2.0 kB)
Collecting typing-extensions>=4.10.0 (from torch)
  Downloading typing_extensions-4.15.0-py3-none-any.whl.metadata (3.3 kB)
Collecting setuptools<82 (from torch)
  Downloading setuptools-81.0.0-py3-none-any.whl.metadata (6.6 kB)
Collecting sympy>=1.13.3 (from torch)
  Downloading sympy-1.14.0-py3-none-any.whl.metadata (12 kB)
Collecting networkx>=2.5.1 (from torch)
  Downloading networkx-3.6.1-py3-none-any.whl.metadata (6.8 kB)
Collecting jinja2 (from torch)
  Downloading jinja2-3.1.6-py3-none-any.whl.metadata (2.9 kB)
Collecting fsspec>=0.8.5 (from torch)
  Downloading fsspec-2026.4.0-py3-none-any.whl.metadata (10 kB)
Collecting mpmath<1.4,>=1.1.0 (from sympy>=1.13.3->torch)
  Using cached mpmath-1.3.0-py3-none-any.whl.metadata (8.6 kB)
Collecting MarkupSafe>=2.0 (from jinja2->torch)
  Downloading markupsafe-3.0.3-cp314-cp314-win_amd64.whl.metadata (2.8 kB)
Downloading torch-2.12.0-cp314-cp314-win_amd64.whl (123.0 MB)
   ---------------------------------------- 123.0/123.0 MB 15.3 MB/s  0:00:08
Downloading setuptools-81.0.0-py3-none-any.whl (1.1 MB)
   ---------------------------------------- 1.1/1.1 MB 885.3 kB/s  0:00:00
Downloading fsspec-2026.4.0-py3-none-any.whl (203 kB)
Downloading networkx-3.6.1-py3-none-any.whl (2.1 MB)
   ---------------------------------------- 2.1/2.1 MB 18.7 MB/s  0:00:00
Downloading sympy-1.14.0-py3-none-any.whl (6.3 MB)
   ---------------------------------------- 6.3/6.3 MB 20.0 MB/s  0:00:00
Using cached mpmath-1.3.0-py3-none-any.whl (536 kB)
Downloading typing_extensions-4.15.0-py3-none-any.whl (44 kB)
Downloading filelock-3.29.0-py3-none-any.whl (39 kB)
Downloading jinja2-3.1.6-py3-none-any.whl (134 kB)
Downloading markupsafe-3.0.3-cp314-cp314-win_amd64.whl (15 kB)
Installing collected packages: mpmath, typing-extensions, sympy, setuptools, networkx, MarkupSafe, fsspec, filelock, jinja2, torch

Successfully installed MarkupSafe-3.0.3 filelock-3.29.0 fsspec-2026.4.0 jinja2-3.1.6 mpmath-1.3.0 networkx-3.6.1 setuptools-81.0.0 sympy-1.14.0 torch-2.12.0 typing-extensions-4.15.0

[notice] A new release of pip is available: 26.0.1 -> 26.1.1
[notice] To update, run: E:\Antigravity\Antigravity\Projects\.venv\Scripts\python.exe -m pip install --upgrade pip
