PyTorch Automaton Initialized!
Total Parameters: 558

--- INITIATING FORWARD PASS TEST ---
Input Shape (Batch, Time): torch.Size([2, 3])
Traceback (most recent call last):
  File "E:\Antigravity\Antigravity\Projects\volume_2_pytorch_automaton\01_nano_gpt.py", line 468, in <module>
    logits = model(dummy_idx)
             ^^^^^^^^^^^^^^^^
  File "C:\Users\Admin\AppData\Local\Programs\Python\Python311\Lib\site-packages\torch\nn\modules\module.py", line 1736, in _wrapped_call_impl
    return self._call_impl(*args, **kwargs)
           ^^^^^^^^^^^^^^^^^^^^^^^^^^^^^^^^
  File "C:\Users\Admin\AppData\Local\Programs\Python\Python311\Lib\site-packages\torch\nn\modules\module.py", line 1747, in _call_impl
    return forward_call(*args, **kwargs)
           ^^^^^^^^^^^^^^^^^^^^^^^^^^^^^
  File "E:\Antigravity\Antigravity\Projects\volume_2_pytorch_automaton\01_nano_gpt.py", line 165, in forward
    self.apply(self.__init_weights)
               ^^^^^^^^^^^^^^^^^^^
  File "C:\Users\Admin\AppData\Local\Programs\Python\Python311\Lib\site-packages\torch\nn\modules\module.py", line 1931, in __getattr__
    raise AttributeError(
AttributeError: 'NanoGPT' object has no attribute '_NanoGPT__init_weights'
